Apr  5 05:36:36 splunk3 spamd[6683]: spamd: connection from localhost.localdomain [127.0.0.1] at port 47193 
Apr  5 05:36:36 splunk3 spamd[6683]: spamd: setuid to spamme succeeded 
Apr  5 05:36:36 splunk3 spamd[6683]: config: failed to parse, now a plugin, skipping: ok_languages all 
Apr  5 05:36:36 splunk3 spamd[6683]: config: SpamAssassin failed to parse line, ".4" is not valid for "required_hits", skipping: required_hits .4 
Apr  5 05:36:36 splunk3 spamd[6683]: spamd: processing message <20090405073633.3288.qmail@vaio> for spamme:501 
Apr  5 05:36:39 splunk3 spamd[6683]: spamd: identified spam (32.7/5.0) for spamme:501 in 2.9 seconds, 4291 bytes. 
Apr  5 05:36:39 splunk3 spamd[6683]: spamd: result: Y 32 - ADDRESS_IN_SUBJECT,BAYES_99,DATE_IN_PAST_06_12,FORGED_MUA_OUTLOOK,FORGED_OUTLOOK_TAGS,HTML_IMAGE_ONLY_32,HTML_MESSAGE,RCVD_IN_BL_SPAMCOP_NET,RCVD_IN_SORBS_WEB,SUBJ_HAS_UNIQ_ID,URIBL_AB_SURBL,URIBL_JP_SURBL,URIBL_OB_SURBL,URIBL_SBL,URIBL_SC_SURBL scantime=2.9,size=4291,user=spamme,uid=501,required_score=5.0,rhost=localhost.localdomain,raddr=127.0.0.1,rport=47193,mid=<20090405073633.3288.qmail@vaio>,bayes=1,autolearn=spam 
Apr  5 05:36:39 splunk3 sendmail[16329]: n35CaSFO016283: to=<spamme@splunkit.com>, delay=00:00:07, xdelay=00:00:03, mailer=local, pri=34197, dsn=2.0.0, stat=Sent
Apr  5 05:36:39 splunk3 spamd[3033]: prefork: child states: II 
Apr  5 05:37:28 splunk3 sendmail[16531]: n35CbSmU016531: lb1.int.splunk.com [10.2.1.2] did not issue MAIL/EXPN/VRFY/ETRN during connection to MTA
Apr  5 05:38:28 splunk3 sendmail[16769]: n35CcSvj016769: lb1.int.splunk.com [10.2.1.2] did not issue MAIL/EXPN/VRFY/ETRN during connection to MTA
Apr  5 05:39:28 splunk3 sendmail[17007]: n35CdSOx017007: lb1.int.splunk.com [10.2.1.2] did not issue MAIL/EXPN/VRFY/ETRN during connection to MTA
Apr  5 05:40:08 splunk3 imap-login: Disconnected [::ffff:127.0.0.1]
Apr  5 05:40:19 splunk3 sendmail[17217]: n35CeJgd017217: from=<spammer@spamdomain.com>, size=1032, class=0, nrcpts=1, msgid=<200904051240.n35CeI7j029161@virt2.int.splunk.com>, proto=ESMTP, daemon=MTA, relay=[64.127.105.34]
Apr  5 05:40:19 splunk3 spamd[6683]: spamd: connection from localhost.localdomain [127.0.0.1] at port 47228 
Apr  5 05:40:19 splunk3 spamd[6683]: spamd: setuid to spamme succeeded 
Apr  5 05:40:19 splunk3 spamd[6683]: config: failed to parse, now a plugin, skipping: ok_languages all 
Apr  5 05:40:19 splunk3 spamd[6683]: config: SpamAssassin failed to parse line, ".4" is not valid for "required_hits", skipping: required_hits .4 
Apr  5 05:40:19 splunk3 spamd[6683]: spamd: processing message <200904051240.n35CeI7j029161@virt2.int.splunk.com> for spamme:501 
Apr  5 05:40:21 splunk3 spamd[6683]: spamd: identified spam (100.6/5.0) for spamme:501 in 2.6 seconds, 1308 bytes. 
Apr  5 05:40:21 splunk3 spamd[6683]: spamd: result: Y 100 - AWL,BAYES_20,HTML_30_40,HTML_MESSAGE,MIME_HEADER_CTYPE_ONLY,MIME_HTML_ONLY,NO_REAL_NAME,USER_IN_BLACKLIST scantime=2.6,size=1308,user=spamme,uid=501,required_score=5.0,rhost=localhost.localdomain,raddr=127.0.0.1,rport=47228,mid=<200904051240.n35CeI7j029161@virt2.int.splunk.com>,bayes=0.111793311146946,autolearn=no 
Apr  5 05:40:21 splunk3 sendmail[17218]: n35CeJgd017217: to=<spamme@splunkit.com>, delay=00:00:02, xdelay=00:00:02, mailer=local, pri=31224, dsn=2.0.0, stat=Sent
Apr  5 05:40:21 splunk3 spamd[3033]: prefork: child states: II 
Apr  5 05:40:28 splunk3 sendmail[17259]: n35CeSPL017259: lb1.int.splunk.com [10.2.1.2] did not issue MAIL/EXPN/VRFY/ETRN during connection to MTA
Apr  5 05:40:32 splunk3 imap-login: Login: spamme [::ffff:10.2.1.57]
Apr  5 05:41:28 splunk3 sendmail[17511]: n35CfSK9017511: lb1.int.splunk.com [10.2.1.2] did not issue MAIL/EXPN/VRFY/ETRN during connection to MTA
Apr  5 05:41:31 splunk3 imap-login: Aborted login [::ffff:10.2.1.48]
Apr  5 05:42:28 splunk3 sendmail[17746]: n35CgSKX017746: lb1.int.splunk.com [10.2.1.2] did not issue MAIL/EXPN/VRFY/ETRN during connection to MTA
Apr  5 05:43:28 splunk3 sendmail[17985]: n35ChScZ017985: lb1.int.splunk.com [10.2.1.2] did not issue MAIL/EXPN/VRFY/ETRN during connection to MTA
Apr  5 05:44:28 splunk3 sendmail[18220]: n35CiSls018220: lb1.int.splunk.com [10.2.1.2] did not issue MAIL/EXPN/VRFY/ETRN during connection to MTA
Apr  5 05:45:08 splunk3 imap-login: Disconnected [::ffff:127.0.0.1]
Apr  5 05:45:20 splunk3 sendmail[18426]: n35CjKlu018426: from=<spammer@spamdomain.com>, size=1032, class=0, nrcpts=1, msgid=<200904051245.n35CjJ1c029773@virt2.int.splunk.com>, proto=ESMTP, daemon=MTA, relay=[64.127.105.34]
Apr  5 05:45:20 splunk3 spamd[6683]: spamd: connection from localhost.localdomain [127.0.0.1] at port 47285 
Apr  5 05:45:20 splunk3 spamd[6683]: spamd: setuid to spamme succeeded 
Apr  5 05:45:20 splunk3 spamd[6683]: config: failed to parse, now a plugin, skipping: ok_languages all 
Apr  5 05:45:20 splunk3 spamd[6683]: config: SpamAssassin failed to parse line, ".4" is not valid for "required_hits", skipping: required_hits .4 
Apr  5 05:45:20 splunk3 spamd[6683]: spamd: processing message <200904051245.n35CjJ1c029773@virt2.int.splunk.com> for spamme:501 
Apr  5 05:45:22 splunk3 spamd[6683]: spamd: identified spam (100.6/5.0) for spamme:501 in 2.6 seconds, 1308 bytes. 
Apr  5 05:45:22 splunk3 spamd[6683]: spamd: result: Y 100 - AWL,BAYES_20,HTML_30_40,HTML_MESSAGE,MIME_HEADER_CTYPE_ONLY,MIME_HTML_ONLY,NO_REAL_NAME,USER_IN_BLACKLIST scantime=2.6,size=1308,user=spamme,uid=501,required_score=5.0,rhost=localhost.localdomain,raddr=127.0.0.1,rport=47285,mid=<200904051245.n35CjJ1c029773@virt2.int.splunk.com>,bayes=0.111793311146946,autolearn=no 
Apr  5 05:45:22 splunk3 sendmail[18427]: n35CjKlu018426: to=<spamme@splunkit.com>, delay=00:00:02, xdelay=00:00:02, mailer=local, pri=31224, dsn=2.0.0, stat=Sent
Apr  5 05:45:22 splunk3 spamd[3033]: prefork: child states: II 
Apr  5 05:45:28 splunk3 sendmail[18468]: n35CjSGY018468: lb1.int.splunk.com [10.2.1.2] did not issue MAIL/EXPN/VRFY/ETRN during connection to MTA
Apr  5 05:45:32 splunk3 imap-login: Login: spamme [::ffff:10.2.1.57]
Apr  5 05:46:28 splunk3 sendmail[18713]: n35CkSXo018713: lb1.int.splunk.com [10.2.1.2] did not issue MAIL/EXPN/VRFY/ETRN during connection to MTA
Apr  5 05:47:28 splunk3 sendmail[18951]: n35ClSbm018951: lb1.int.splunk.com [10.2.1.2] did not issue MAIL/EXPN/VRFY/ETRN during connection to MTA
Apr  5 05:48:28 splunk3 sendmail[19188]: n35CmSmG019188: lb1.int.splunk.com [10.2.1.2] did not issue MAIL/EXPN/VRFY/ETRN during connection to MTA
Apr  5 05:49:28 splunk3 sendmail[19424]: n35CnSWO019424: lb1.int.splunk.com [10.2.1.2] did not issue MAIL/EXPN/VRFY/ETRN during connection to MTA
Apr  5 05:50:08 splunk3 imap-login: Disconnected [::ffff:127.0.0.1]
Apr  5 05:50:20 splunk3 sendmail[19651]: n35CoKoO019651: from=<spammer@spamdomain.com>, size=1032, class=0, nrcpts=1, msgid=<200904051250.n35CoKrW030394@virt2.int.splunk.com>, proto=ESMTP, daemon=MTA, relay=[64.127.105.34]
Apr  5 05:50:20 splunk3 spamd[6683]: spamd: connection from localhost.localdomain [127.0.0.1] at port 47341 
Apr  5 05:50:20 splunk3 spamd[6683]: spamd: setuid to spamme succeeded 
Apr  5 05:50:20 splunk3 spamd[6683]: config: failed to parse, now a plugin, skipping: ok_languages all 
Apr  5 05:50:20 splunk3 spamd[6683]: config: SpamAssassin failed to parse line, ".4" is not valid for "required_hits", skipping: required_hits .4 
Apr  5 05:50:20 splunk3 spamd[6683]: spamd: processing message <200904051250.n35CoKrW030394@virt2.int.splunk.com> for spamme:501 
Apr  5 05:50:22 splunk3 spamd[6683]: spamd: identified spam (100.6/5.0) for spamme:501 in 1.6 seconds, 1308 bytes. 
Apr  5 05:50:22 splunk3 spamd[6683]: spamd: result: Y 100 - AWL,BAYES_20,HTML_30_40,HTML_MESSAGE,MIME_HEADER_CTYPE_ONLY,MIME_HTML_ONLY,NO_REAL_NAME,USER_IN_BLACKLIST scantime=1.6,size=1308,user=spamme,uid=501,required_score=5.0,rhost=localhost.localdomain,raddr=127.0.0.1,rport=47341,mid=<200904051250.n35CoKrW030394@virt2.int.splunk.com>,bayes=0.111793311146946,autolearn=no 
Apr  5 05:50:22 splunk3 sendmail[19652]: n35CoKoO019651: to=<spamme@splunkit.com>, delay=00:00:02, xdelay=00:00:02, mailer=local, pri=31224, dsn=2.0.0, stat=Sent
Apr  5 05:50:22 splunk3 spamd[3033]: prefork: child states: II 
Apr  5 05:50:28 splunk3 sendmail[19676]: n35CoSvg019676: lb1.int.splunk.com [10.2.1.2] did not issue MAIL/EXPN/VRFY/ETRN during connection to MTA
Apr  5 05:50:32 splunk3 imap-login: Login: spamme [::ffff:10.2.1.57]
Apr  5 05:51:28 splunk3 sendmail[19928]: n35CpSFr019928: lb1.int.splunk.com [10.2.1.2] did not issue MAIL/EXPN/VRFY/ETRN during connection to MTA
Apr  5 05:52:28 splunk3 sendmail[20163]: n35CqSl1020163: lb1.int.splunk.com [10.2.1.2] did not issue MAIL/EXPN/VRFY/ETRN during connection to MTA
Apr  5 05:53:28 splunk3 sendmail[20406]: n35CrSC6020406: lb1.int.splunk.com [10.2.1.2] did not issue MAIL/EXPN/VRFY/ETRN during connection to MTA
Apr  5 05:54:28 splunk3 sendmail[20640]: n35CsSj6020640: lb1.int.splunk.com [10.2.1.2] did not issue MAIL/EXPN/VRFY/ETRN during connection to MTA
Apr  5 05:55:08 splunk3 imap-login: Disconnected [::ffff:127.0.0.1]
Apr  5 05:55:21 splunk3 sendmail[20866]: n35CtLn2020866: from=<spammer@spamdomain.com>, size=1032, class=0, nrcpts=1, msgid=<200904051255.n35CtKjr030994@virt2.int.splunk.com>, proto=ESMTP, daemon=MTA, relay=[64.127.105.34]
Apr  5 05:55:21 splunk3 spamd[6683]: spamd: connection from localhost.localdomain [127.0.0.1] at port 47396 
Apr  5 05:55:21 splunk3 spamd[6683]: spamd: setuid to spamme succeeded 
Apr  5 05:55:21 splunk3 spamd[6683]: config: failed to parse, now a plugin, skipping: ok_languages all 
Apr  5 05:55:21 splunk3 spamd[6683]: config: SpamAssassin failed to parse line, ".4" is not valid for "required_hits", skipping: required_hits .4 
Apr  5 05:55:21 splunk3 spamd[6683]: spamd: processing message <200904051255.n35CtKjr030994@virt2.int.splunk.com> for spamme:501 
Apr  5 05:55:23 splunk3 spamd[6683]: spamd: identified spam (100.6/5.0) for spamme:501 in 2.7 seconds, 1308 bytes. 
Apr  5 05:55:23 splunk3 spamd[6683]: spamd: result: Y 100 - AWL,BAYES_20,HTML_30_40,HTML_MESSAGE,MIME_HEADER_CTYPE_ONLY,MIME_HTML_ONLY,NO_REAL_NAME,USER_IN_BLACKLIST scantime=2.7,size=1308,user=spamme,uid=501,required_score=5.0,rhost=localhost.localdomain,raddr=127.0.0.1,rport=47396,mid=<200904051255.n35CtKjr030994@virt2.int.splunk.com>,bayes=0.111793311146946,autolearn=no 
Apr  5 05:55:23 splunk3 sendmail[20867]: n35CtLn2020866: to=<spamme@splunkit.com>, delay=00:00:02, xdelay=00:00:02, mailer=local, pri=31224, dsn=2.0.0, stat=Sent
Apr  5 05:55:23 splunk3 spamd[3033]: prefork: child states: II 
Apr  5 05:55:28 splunk3 sendmail[20892]: n35CtSbs020892: lb1.int.splunk.com [10.2.1.2] did not issue MAIL/EXPN/VRFY/ETRN during connection to MTA
Apr  5 05:55:32 splunk3 imap-login: Login: spamme [::ffff:10.2.1.57]
Apr  5 05:56:28 splunk3 sendmail[21141]: n35CuSls021141: lb1.int.splunk.com [10.2.1.2] did not issue MAIL/EXPN/VRFY/ETRN during connection to MTA
Apr  5 05:56:31 splunk3 imap-login: Aborted login [::ffff:10.2.1.48]
Apr  5 05:57:28 splunk3 sendmail[21381]: n35CvSwP021381: lb1.int.splunk.com [10.2.1.2] did not issue MAIL/EXPN/VRFY/ETRN during connection to MTA
Apr  5 05:58:28 splunk3 sendmail[21618]: n35CwSIA021618: lb1.int.splunk.com [10.2.1.2] did not issue MAIL/EXPN/VRFY/ETRN during connection to MTA
Apr  5 05:59:28 splunk3 sendmail[21855]: n35CxSov021855: lb1.int.splunk.com [10.2.1.2] did not issue MAIL/EXPN/VRFY/ETRN during connection to MTA
Apr  5 06:00:00 splunk3 sendmail[22006]: n35D00K2022006: from=<splunk@localhost>, size=725, class=0, nrcpts=1, msgid=<200904051300.n35D00K2022006@splunk3.splunkit.com>, proto=ESMTP, daemon=MTA, relay=localhost.localdomain [127.0.0.1]
Apr  5 06:00:00 splunk3 sendmail[22008]: n35D00K2022006: to=<mark@splunk.com>, delay=00:00:00, xdelay=00:00:00, mailer=esmtp, pri=120725, relay=[10.2.1.10] [10.2.1.10], dsn=5.1.1, stat=User unknown
Apr  5 06:00:00 splunk3 sendmail[22008]: n35D00K2022006: to=<splunk@localhost>, delay=00:00:00, mailer=local, pri=120725, dsn=5.1.1, stat=User unknown
Apr  5 06:00:00 splunk3 sendmail[22008]: n35D00K2022006: n35D00K2022008: postmaster notify: User unknown
Apr  5 06:00:02 splunk3 sendmail[22008]: n35D00K2022008: to=root, delay=00:00:02, xdelay=00:00:02, mailer=local, pri=32093, dsn=2.0.0, stat=Sent
Apr  5 06:00:04 splunk3 sendmail[22087]: n35D04aY022087: from=root, size=291, class=0, nrcpts=1, msgid=<200904051300.n35D04aY022087@splunk3.splunkit.com>, relay=root@localhost
Apr  5 06:00:04 splunk3 sendmail[22091]: n35D049N022091: from=<root@splunk3.splunkit.com>, size=564, class=0, nrcpts=1, msgid=<200904051300.n35D04aY022087@splunk3.splunkit.com>, proto=ESMTP, daemon=MTA, relay=localhost.localdomain [127.0.0.1]
Apr  5 06:00:04 splunk3 sendmail[22087]: n35D04aY022087: to=root, ctladdr=root (0/0), delay=00:00:00, xdelay=00:00:00, mailer=relay, pri=30291, relay=[127.0.0.1] [127.0.0.1], dsn=2.0.0, stat=Sent (n35D049N022091 Message accepted for delivery)
Apr  5 06:00:05 splunk3 sendmail[22092]: n35D049N022091: to=<root@splunk3.splunkit.com>, ctladdr=<root@splunk3.splunkit.com> (0/0), delay=00:00:01, xdelay=00:00:01, mailer=local, pri=30791, dsn=2.0.0, stat=Sent
Apr  5 06:00:08 splunk3 imap-login: Disconnected [::ffff:127.0.0.1]
Apr  5 06:00:21 splunk3 sendmail[22176]: n35D0LqD022176: from=<spammer@spamdomain.com>, size=1032, class=0, nrcpts=1, msgid=<200904051300.n35D0LvG031634@virt2.int.splunk.com>, proto=ESMTP, daemon=MTA, relay=[64.127.105.34]
Apr  5 06:00:21 splunk3 spamd[6683]: spamd: connection from localhost.localdomain [127.0.0.1] at port 47469 
Apr  5 06:00:21 splunk3 spamd[6683]: spamd: setuid to spamme succeeded 
Apr  5 06:00:21 splunk3 spamd[6683]: config: failed to load user (spamme) scores from SQL database: config: SQL error: Can't connect to local MySQL server through socket '/var/lib/mysql/mysql.sock' (2) 
Apr  5 06:00:21 splunk3 spamd[6683]: spamd: service unavailable: Error fetching user preferences via SQL at /usr/bin/spamd line 1679. 
Apr  5 06:00:21 splunk3 sendmail[22177]: n35D0LqD022176: to=<spamme@splunkit.com>, delay=00:00:00, xdelay=00:00:00, mailer=local, pri=31224, dsn=2.0.0, stat=Sent
Apr  5 06:00:21 splunk3 spamd[3033]: prefork: child states: II 
Apr  5 06:00:28 splunk3 sendmail[22199]: n35D0Ska022199: lb1.int.splunk.com [10.2.1.2] did not issue MAIL/EXPN/VRFY/ETRN during connection to MTA
Apr  5 06:00:32 splunk3 imap-login: Login: spamme [::ffff:10.2.1.57]
Apr  5 06:01:07 splunk3 sendmail[22352]: n35D11l5022352: from=root, size=443, class=0, nrcpts=1, msgid=<200904051301.n35D11l5022352@splunk3.splunkit.com>, relay=root@localhost
Apr  5 06:01:07 splunk3 sendmail[22373]: n35D17hj022373: from=<root@splunk3.splunkit.com>, size=716, class=0, nrcpts=1, msgid=<200904051301.n35D11l5022352@splunk3.splunkit.com>, proto=ESMTP, daemon=MTA, relay=localhost.localdomain [127.0.0.1]
Apr  5 06:01:07 splunk3 sendmail[22352]: n35D11l5022352: to=root, ctladdr=root (0/0), delay=00:00:06, xdelay=00:00:00, mailer=relay, pri=30443, relay=[127.0.0.1] [127.0.0.1], dsn=2.0.0, stat=Sent (n35D17hj022373 Message accepted for delivery)
Apr  5 06:01:09 splunk3 sendmail[22374]: n35D17hj022373: to=<root@splunk3.splunkit.com>, ctladdr=<root@splunk3.splunkit.com> (0/0), delay=00:00:02, xdelay=00:00:02, mailer=local, pri=30943, dsn=2.0.0, stat=Sent
Apr  5 06:01:28 splunk3 sendmail[22453]: n35D1SZp022453: lb1.int.splunk.com [10.2.1.2] did not issue MAIL/EXPN/VRFY/ETRN during connection to MTA
Apr  5 06:02:28 splunk3 sendmail[22690]: n35D2SvR022690: lb1.int.splunk.com [10.2.1.2] did not issue MAIL/EXPN/VRFY/ETRN during connection to MTA
Apr  5 06:03:28 splunk3 sendmail[22927]: n35D3SQO022927: lb1.int.splunk.com [10.2.1.2] did not issue MAIL/EXPN/VRFY/ETRN during connection to MTA
Apr  5 06:04:28 splunk3 sendmail[23162]: n35D4Sl4023162: lb1.int.splunk.com [10.2.1.2] did not issue MAIL/EXPN/VRFY/ETRN during connection to MTA
Apr  5 06:05:08 splunk3 imap-login: Disconnected [::ffff:127.0.0.1]
Apr  5 06:05:22 splunk3 sendmail[23396]: n35D5MHb023396: from=<spammer@spamdomain.com>, size=1032, class=0, nrcpts=1, msgid=<200904051305.n35D5MTP032318@virt2.int.splunk.com>, proto=ESMTP, daemon=MTA, relay=[64.127.105.34]
Apr  5 06:05:22 splunk3 spamd[6683]: spamd: connection from localhost.localdomain [127.0.0.1] at port 47525 
Apr  5 06:05:22 splunk3 spamd[6683]: spamd: setuid to spamme succeeded 
Apr  5 06:05:22 splunk3 spamd[6683]: config: failed to load user (spamme) scores from SQL database: config: SQL error: Can't connect to local MySQL server through socket '/var/lib/mysql/mysql.sock' (2) 
Apr  5 06:05:22 splunk3 spamd[6683]: spamd: service unavailable: Error fetching user preferences via SQL at /usr/bin/spamd line 1679. 
Apr  5 06:05:22 splunk3 sendmail[23397]: n35D5MHb023396: to=<spamme@splunkit.com>, delay=00:00:00, xdelay=00:00:00, mailer=local, pri=31224, dsn=2.0.0, stat=Sent
Apr  5 06:05:22 splunk3 spamd[3033]: prefork: child states: II 
Apr  5 06:05:28 splunk3 sendmail[23421]: n35D5SWn023421: lb1.int.splunk.com [10.2.1.2] did not issue MAIL/EXPN/VRFY/ETRN during connection to MTA
Apr  5 06:05:32 splunk3 imap-login: Login: spamme [::ffff:10.2.1.57]
Apr  5 06:06:28 splunk3 sendmail[23657]: n35D6SPe023657: lb1.int.splunk.com [10.2.1.2] did not issue MAIL/EXPN/VRFY/ETRN during connection to MTA
Apr  5 06:07:28 splunk3 sendmail[23897]: n35D7SpN023897: lb1.int.splunk.com [10.2.1.2] did not issue MAIL/EXPN/VRFY/ETRN during connection to MTA
Apr  5 06:08:28 splunk3 sendmail[24137]: n35D8SKj024137: lb1.int.splunk.com [10.2.1.2] did not issue MAIL/EXPN/VRFY/ETRN during connection to MTA
Apr  5 06:09:28 splunk3 sendmail[24378]: n35D9SS6024378: lb1.int.splunk.com [10.2.1.2] did not issue MAIL/EXPN/VRFY/ETRN during connection to MTA
Apr  5 06:10:03 splunk3 sendmail[24628]: n35DA3OJ024628: from=root, size=292, class=0, nrcpts=1, msgid=<200904051310.n35DA3OJ024628@splunk3.splunkit.com>, relay=root@localhost
Apr  5 06:10:03 splunk3 sendmail[24633]: n35DA3PD024633: from=<root@splunk3.splunkit.com>, size=565, class=0, nrcpts=1, msgid=<200904051310.n35DA3OJ024628@splunk3.splunkit.com>, proto=ESMTP, daemon=MTA, relay=localhost.localdomain [127.0.0.1]
Apr  5 06:10:03 splunk3 sendmail[24628]: n35DA3OJ024628: to=root, ctladdr=root (0/0), delay=00:00:00, xdelay=00:00:00, mailer=relay, pri=30292, relay=[127.0.0.1] [127.0.0.1], dsn=2.0.0, stat=Sent (n35DA3PD024633 Message accepted for delivery)
Apr  5 06:10:04 splunk3 sendmail[24634]: n35DA3PD024633: to=<root@splunk3.splunkit.com>, ctladdr=<root@splunk3.splunkit.com> (0/0), delay=00:00:01, xdelay=00:00:01, mailer=local, pri=30792, dsn=2.0.0, stat=Sent
Apr  5 06:10:08 splunk3 imap-login: Disconnected [::ffff:127.0.0.1]
Apr  5 06:10:22 splunk3 sendmail[24720]: n35DAMwX024720: from=<spammer@spamdomain.com>, size=1026, class=0, nrcpts=1, msgid=<200904051310.n35DAMPK000470@virt2.int.splunk.com>, proto=ESMTP, daemon=MTA, relay=[64.127.105.34]
Apr  5 06:10:22 splunk3 spamd[6683]: spamd: connection from localhost.localdomain [127.0.0.1] at port 47582 
Apr  5 06:10:22 splunk3 spamd[6683]: spamd: setuid to spamme succeeded 
Apr  5 06:10:22 splunk3 spamd[6683]: config: failed to parse, now a plugin, skipping: ok_languages all 
Apr  5 06:10:22 splunk3 spamd[6683]: config: SpamAssassin failed to parse line, ".4" is not valid for "required_hits", skipping: required_hits .4 
Apr  5 06:10:22 splunk3 spamd[6683]: spamd: processing message <200904051310.n35DAMPK000470@virt2.int.splunk.com> for spamme:501 
Apr  5 06:10:24 splunk3 spamd[6683]: spamd: identified spam (100.6/5.0) for spamme:501 in 1.6 seconds, 1302 bytes. 
Apr  5 06:10:24 splunk3 spamd[6683]: spamd: result: Y 100 - AWL,BAYES_20,HTML_30_40,HTML_MESSAGE,MIME_HEADER_CTYPE_ONLY,MIME_HTML_ONLY,NO_REAL_NAME,USER_IN_BLACKLIST scantime=1.6,size=1302,user=spamme,uid=501,required_score=5.0,rhost=localhost.localdomain,raddr=127.0.0.1,rport=47582,mid=<200904051310.n35DAMPK000470@virt2.int.splunk.com>,bayes=0.0658718950102126,autolearn=no 
Apr  5 06:10:24 splunk3 sendmail[24721]: n35DAMwX024720: to=<spamme@splunkit.com>, delay=00:00:02, xdelay=00:00:02, mailer=local, pri=31218, dsn=2.0.0, stat=Sent
Apr  5 06:10:24 splunk3 spamd[3033]: prefork: child states: II 
Apr  5 06:10:28 splunk3 sendmail[24743]: n35DASGM024743: lb1.int.splunk.com [10.2.1.2] did not issue MAIL/EXPN/VRFY/ETRN during connection to MTA
Apr  5 06:10:32 splunk3 imap-login: Login: spamme [::ffff:10.2.1.57]
Apr  5 06:11:28 splunk3 sendmail[24985]: n35DBShU024985: lb1.int.splunk.com [10.2.1.2] did not issue MAIL/EXPN/VRFY/ETRN during connection to MTA
Apr  5 06:11:31 splunk3 imap-login: Aborted login [::ffff:10.2.1.48]
Apr  5 06:12:28 splunk3 sendmail[25223]: n35DCSmv025223: lb1.int.splunk.com [10.2.1.2] did not issue MAIL/EXPN/VRFY/ETRN during connection to MTA
Apr  5 06:13:28 splunk3 sendmail[25461]: n35DDSE4025461: lb1.int.splunk.com [10.2.1.2] did not issue MAIL/EXPN/VRFY/ETRN during connection to MTA
Apr  5 06:14:28 splunk3 sendmail[25696]: n35DESxN025696: lb1.int.splunk.com [10.2.1.2] did not issue MAIL/EXPN/VRFY/ETRN during connection to MTA
Apr  5 06:15:08 splunk3 imap-login: Disconnected [::ffff:127.0.0.1]
Apr  5 06:15:23 splunk3 sendmail[25929]: n35DFNLo025929: from=<spammer@spamdomain.com>, size=1029, class=0, nrcpts=1, msgid=<200904051315.n35DFMkG001262@virt2.int.splunk.com>, proto=ESMTP, daemon=MTA, relay=[64.127.105.34]
Apr  5 06:15:23 splunk3 spamd[6683]: spamd: connection from localhost.localdomain [127.0.0.1] at port 47638 
Apr  5 06:15:23 splunk3 spamd[6683]: spamd: setuid to spamme succeeded 
Apr  5 06:15:23 splunk3 spamd[6683]: config: failed to parse, now a plugin, skipping: ok_languages all 
Apr  5 06:15:23 splunk3 spamd[6683]: config: SpamAssassin failed to parse line, ".4" is not valid for "required_hits", skipping: required_hits .4 
Apr  5 06:15:23 splunk3 spamd[6683]: spamd: processing message <200904051315.n35DFMkG001262@virt2.int.splunk.com> for spamme:501 
Apr  5 06:15:25 splunk3 spamd[6683]: spamd: identified spam (100.6/5.0) for spamme:501 in 2.2 seconds, 1305 bytes. 
Apr  5 06:15:25 splunk3 spamd[6683]: spamd: result: Y 100 - AWL,BAYES_20,HTML_30_40,HTML_MESSAGE,MIME_HEADER_CTYPE_ONLY,MIME_HTML_ONLY,NO_REAL_NAME,USER_IN_BLACKLIST scantime=2.2,size=1305,user=spamme,uid=501,required_score=5.0,rhost=localhost.localdomain,raddr=127.0.0.1,rport=47638,mid=<200904051315.n35DFMkG001262@virt2.int.splunk.com>,bayes=0.16864958831754,autolearn=no 
Apr  5 06:15:25 splunk3 sendmail[25930]: n35DFNLo025929: to=<spamme@splunkit.com>, delay=00:00:02, xdelay=00:00:02, mailer=local, pri=31221, dsn=2.0.0, stat=Sent
Apr  5 06:15:25 splunk3 spamd[3033]: prefork: child states: II 
Apr  5 06:15:28 splunk3 sendmail[25953]: n35DFSQA025953: lb1.int.splunk.com [10.2.1.2] did not issue MAIL/EXPN/VRFY/ETRN during connection to MTA
Apr  5 06:15:32 splunk3 imap-login: Login: spamme [::ffff:10.2.1.57]
Apr  5 06:16:28 splunk3 sendmail[26193]: n35DGSiU026193: lb1.int.splunk.com [10.2.1.2] did not issue MAIL/EXPN/VRFY/ETRN during connection to MTA
Apr  5 06:17:28 splunk3 sendmail[26429]: n35DHSAr026429: lb1.int.splunk.com [10.2.1.2] did not issue MAIL/EXPN/VRFY/ETRN during connection to MTA
Apr  5 06:18:28 splunk3 sendmail[26663]: n35DISnu026663: lb1.int.splunk.com [10.2.1.2] did not issue MAIL/EXPN/VRFY/ETRN during connection to MTA
Apr  5 06:19:28 splunk3 sendmail[26903]: n35DJSIG026903: lb1.int.splunk.com [10.2.1.2] did not issue MAIL/EXPN/VRFY/ETRN during connection to MTA
Apr  5 06:20:08 splunk3 imap-login: Disconnected [::ffff:127.0.0.1]
Apr  5 06:20:23 splunk3 sendmail[27137]: n35DKNtA027137: from=<spammer@spamdomain.com>, size=1029, class=0, nrcpts=1, msgid=<200904051320.n35DKNSH001927@virt2.int.splunk.com>, proto=ESMTP, daemon=MTA, relay=[64.127.105.34]
Apr  5 06:20:23 splunk3 spamd[6683]: spamd: connection from localhost.localdomain [127.0.0.1] at port 47694 
Apr  5 06:20:23 splunk3 spamd[6683]: spamd: setuid to spamme succeeded 
Apr  5 06:20:23 splunk3 spamd[6683]: config: failed to parse, now a plugin, skipping: ok_languages all 
Apr  5 06:20:23 splunk3 spamd[6683]: config: SpamAssassin failed to parse line, ".4" is not valid for "required_hits", skipping: required_hits .4 
Apr  5 06:20:23 splunk3 spamd[6683]: spamd: processing message <200904051320.n35DKNSH001927@virt2.int.splunk.com> for spamme:501 
Apr  5 06:20:25 splunk3 spamd[6683]: spamd: identified spam (100.6/5.0) for spamme:501 in 1.5 seconds, 1305 bytes. 
Apr  5 06:20:25 splunk3 spamd[6683]: spamd: result: Y 100 - AWL,BAYES_20,HTML_30_40,HTML_MESSAGE,MIME_HEADER_CTYPE_ONLY,MIME_HTML_ONLY,NO_REAL_NAME,USER_IN_BLACKLIST scantime=1.5,size=1305,user=spamme,uid=501,required_score=5.0,rhost=localhost.localdomain,raddr=127.0.0.1,rport=47694,mid=<200904051320.n35DKNSH001927@virt2.int.splunk.com>,bayes=0.16864958831754,autolearn=no 
Apr  5 06:20:25 splunk3 sendmail[27138]: n35DKNtA027137: to=<spamme@splunkit.com>, delay=00:00:02, xdelay=00:00:02, mailer=local, pri=31221, dsn=2.0.0, stat=Sent
Apr  5 06:20:25 splunk3 spamd[3033]: prefork: child states: II 
Apr  5 06:20:28 splunk3 sendmail[27162]: n35DKSrx027162: lb1.int.splunk.com [10.2.1.2] did not issue MAIL/EXPN/VRFY/ETRN during connection to MTA
Apr  5 06:20:32 splunk3 imap-login: Login: spamme [::ffff:10.2.1.57]
Apr  5 06:21:28 splunk3 sendmail[27403]: n35DLSt5027403: lb1.int.splunk.com [10.2.1.2] did not issue MAIL/EXPN/VRFY/ETRN during connection to MTA
Apr  5 06:22:28 splunk3 sendmail[27637]: n35DMSFD027637: lb1.int.splunk.com [10.2.1.2] did not issue MAIL/EXPN/VRFY/ETRN during connection to MTA
Apr  5 06:23:28 splunk3 sendmail[27882]: n35DNS3M027882: lb1.int.splunk.com [10.2.1.2] did not issue MAIL/EXPN/VRFY/ETRN during connection to MTA
Apr  5 06:24:28 splunk3 sendmail[28115]: n35DOSlI028115: lb1.int.splunk.com [10.2.1.2] did not issue MAIL/EXPN/VRFY/ETRN during connection to MTA
Apr  5 06:25:07 splunk3 sendmail[28294]: n35DP6lf028294: from=<3MrHYSRQKBgYmuumrkgrkxzy-tuxkvr4muumrk.iusyvgsskyvr0tqoz.ius@alerts.bounces.google.com>, size=2534, class=0, nrcpts=1, msgid=<00163630f5c9c93c260466ceb538@google.com>, proto=ESMTP, daemon=MTA, relay=mail-gx0-f232.google.com [209.85.217.232]
Apr  5 06:25:07 splunk3 spamd[6683]: spamd: connection from localhost.localdomain [127.0.0.1] at port 47747 
Apr  5 06:25:07 splunk3 spamd[6683]: spamd: setuid to spamme succeeded 
Apr  5 06:25:07 splunk3 spamd[6683]: config: failed to parse, now a plugin, skipping: ok_languages all 
Apr  5 06:25:07 splunk3 spamd[6683]: config: SpamAssassin failed to parse line, ".4" is not valid for "required_hits", skipping: required_hits .4 
Apr  5 06:25:07 splunk3 spamd[6683]: spamd: processing message <00163630f5c9c93c260466ceb538@google.com> for spamme:501 
Apr  5 06:25:08 splunk3 imap-login: Disconnected [::ffff:127.0.0.1]
Apr  5 06:25:09 splunk3 spamd[6683]: spamd: clean message (-2.4/5.0) for spamme:501 in 2.3 seconds, 2968 bytes. 
Apr  5 06:25:09 splunk3 spamd[6683]: spamd: result: . -2 - AWL,BAYES_00,HTML_MESSAGE,MIME_HTML_ONLY scantime=2.3,size=2968,user=spamme,uid=501,required_score=5.0,rhost=localhost.localdomain,raddr=127.0.0.1,rport=47747,mid=<00163630f5c9c93c260466ceb538@google.com>,bayes=0,autolearn=ham 
Apr  5 06:25:09 splunk3 sendmail[28295]: n35DP6lf028294: to=<spamme@splunkit.com>, delay=00:00:03, xdelay=00:00:02, mailer=local, pri=32749, dsn=2.0.0, stat=Sent
Apr  5 06:25:09 splunk3 spamd[3033]: prefork: child states: II 
Apr  5 06:25:24 splunk3 sendmail[28359]: n35DPOWx028359: from=<spammer@spamdomain.com>, size=1029, class=0, nrcpts=1, msgid=<200904051325.n35DPNbW002547@virt2.int.splunk.com>, proto=ESMTP, daemon=MTA, relay=[64.127.105.34]
Apr  5 06:25:24 splunk3 spamd[6683]: spamd: connection from localhost.localdomain [127.0.0.1] at port 47750 
Apr  5 06:25:24 splunk3 spamd[6683]: spamd: setuid to spamme succeeded 
Apr  5 06:25:24 splunk3 spamd[6683]: config: failed to parse, now a plugin, skipping: ok_languages all 
Apr  5 06:25:24 splunk3 spamd[6683]: config: SpamAssassin failed to parse line, ".4" is not valid for "required_hits", skipping: required_hits .4 
Apr  5 06:25:24 splunk3 spamd[6683]: spamd: processing message <200904051325.n35DPNbW002547@virt2.int.splunk.com> for spamme:501 
Apr  5 06:25:26 splunk3 spamd[6683]: spamd: identified spam (100.6/5.0) for spamme:501 in 2.1 seconds, 1305 bytes. 
Apr  5 06:25:26 splunk3 spamd[6683]: spamd: result: Y 100 - AWL,BAYES_20,HTML_30_40,HTML_MESSAGE,MIME_HEADER_CTYPE_ONLY,MIME_HTML_ONLY,NO_REAL_NAME,USER_IN_BLACKLIST scantime=2.1,size=1305,user=spamme,uid=501,required_score=5.0,rhost=localhost.localdomain,raddr=127.0.0.1,rport=47750,mid=<200904051325.n35DPNbW002547@virt2.int.splunk.com>,bayes=0.168687332852643,autolearn=no 
Apr  5 06:25:26 splunk3 sendmail[28360]: n35DPOWx028359: to=<spamme@splunkit.com>, delay=00:00:02, xdelay=00:00:02, mailer=local, pri=31221, dsn=2.0.0, stat=Sent
Apr  5 06:25:26 splunk3 spamd[3033]: prefork: child states: II 
Apr  5 06:25:28 splunk3 sendmail[28381]: n35DPSN9028381: lb1.int.splunk.com [10.2.1.2] did not issue MAIL/EXPN/VRFY/ETRN during connection to MTA
Apr  5 06:25:32 splunk3 imap-login: Login: spamme [::ffff:10.2.1.57]
Apr  5 06:26:28 splunk3 sendmail[28621]: n35DQSj8028621: lb1.int.splunk.com [10.2.1.2] did not issue MAIL/EXPN/VRFY/ETRN during connection to MTA
Apr  5 06:26:31 splunk3 imap-login: Aborted login [::ffff:10.2.1.48]
Apr  5 06:27:28 splunk3 sendmail[28859]: n35DRSxN028859: lb1.int.splunk.com [10.2.1.2] did not issue MAIL/EXPN/VRFY/ETRN during connection to MTA
Apr  5 06:28:28 splunk3 sendmail[29096]: n35DSSAE029096: lb1.int.splunk.com [10.2.1.2] did not issue MAIL/EXPN/VRFY/ETRN during connection to MTA
Apr  5 06:29:28 splunk3 sendmail[29334]: n35DTSmb029334: lb1.int.splunk.com [10.2.1.2] did not issue MAIL/EXPN/VRFY/ETRN during connection to MTA
Apr  5 06:30:08 splunk3 imap-login: Disconnected [::ffff:127.0.0.1]
Apr  5 06:30:25 splunk3 sendmail[29571]: n35DUOWC029571: from=<spammer@spamdomain.com>, size=1029, class=0, nrcpts=1, msgid=<200904051330.n35DUOfP003173@virt2.int.splunk.com>, proto=ESMTP, daemon=MTA, relay=[64.127.105.34]
Apr  5 06:30:25 splunk3 spamd[6683]: spamd: connection from localhost.localdomain [127.0.0.1] at port 47807 
Apr  5 06:30:25 splunk3 spamd[6683]: spamd: setuid to spamme succeeded 
Apr  5 06:30:25 splunk3 spamd[6683]: config: failed to parse, now a plugin, skipping: ok_languages all 
Apr  5 06:30:25 splunk3 spamd[6683]: config: SpamAssassin failed to parse line, ".4" is not valid for "required_hits", skipping: required_hits .4 
Apr  5 06:30:25 splunk3 spamd[6683]: spamd: processing message <200904051330.n35DUOfP003173@virt2.int.splunk.com> for spamme:501 
Apr  5 06:30:27 splunk3 spamd[6683]: spamd: identified spam (100.6/5.0) for spamme:501 in 2.7 seconds, 1305 bytes. 
Apr  5 06:30:27 splunk3 spamd[6683]: spamd: result: Y 100 - AWL,BAYES_20,HTML_30_40,HTML_MESSAGE,MIME_HEADER_CTYPE_ONLY,MIME_HTML_ONLY,NO_REAL_NAME,USER_IN_BLACKLIST scantime=2.7,size=1305,user=spamme,uid=501,required_score=5.0,rhost=localhost.localdomain,raddr=127.0.0.1,rport=47807,mid=<200904051330.n35DUOfP003173@virt2.int.splunk.com>,bayes=0.168687332852643,autolearn=no 
Apr  5 06:30:27 splunk3 sendmail[29572]: n35DUOWC029571: to=<spamme@splunkit.com>, delay=00:00:03, xdelay=00:00:02, mailer=local, pri=31221, dsn=2.0.0, stat=Sent
Apr  5 06:30:27 splunk3 spamd[3033]: prefork: child states: II 
Apr  5 06:30:28 splunk3 sendmail[29596]: n35DUSLk029596: lb1.int.splunk.com [10.2.1.2] did not issue MAIL/EXPN/VRFY/ETRN during connection to MTA
Apr  5 06:30:32 splunk3 imap-login: Login: spamme [::ffff:10.2.1.57]
Apr  5 06:31:28 splunk3 sendmail[29837]: n35DVSPq029837: lb1.int.splunk.com [10.2.1.2] did not issue MAIL/EXPN/VRFY/ETRN during connection to MTA
Apr  5 06:32:28 splunk3 sendmail[30071]: n35DWScn030071: lb1.int.splunk.com [10.2.1.2] did not issue MAIL/EXPN/VRFY/ETRN during connection to MTA
Apr  5 06:33:28 splunk3 sendmail[30311]: n35DXSnq030311: lb1.int.splunk.com [10.2.1.2] did not issue MAIL/EXPN/VRFY/ETRN during connection to MTA
Apr  5 06:34:28 splunk3 sendmail[30545]: n35DYSaw030545: lb1.int.splunk.com [10.2.1.2] did not issue MAIL/EXPN/VRFY/ETRN during connection to MTA
Apr  5 06:35:08 splunk3 imap-login: Disconnected [::ffff:127.0.0.1]
Apr  5 06:35:25 splunk3 sendmail[30795]: n35DZPNE030795: from=<spammer@spamdomain.com>, size=1029, class=0, nrcpts=1, msgid=<200904051335.n35DZPLI003918@virt2.int.splunk.com>, proto=ESMTP, daemon=MTA, relay=[64.127.105.34]
Apr  5 06:35:25 splunk3 spamd[6683]: spamd: connection from localhost.localdomain [127.0.0.1] at port 47863 
Apr  5 06:35:25 splunk3 spamd[6683]: spamd: setuid to spamme succeeded 
Apr  5 06:35:25 splunk3 spamd[6683]: config: failed to parse, now a plugin, skipping: ok_languages all 
Apr  5 06:35:25 splunk3 spamd[6683]: config: SpamAssassin failed to parse line, ".4" is not valid for "required_hits", skipping: required_hits .4 
Apr  5 06:35:25 splunk3 spamd[6683]: spamd: processing message <200904051335.n35DZPLI003918@virt2.int.splunk.com> for spamme:501 
Apr  5 06:35:27 splunk3 spamd[6683]: spamd: identified spam (100.6/5.0) for spamme:501 in 2.1 seconds, 1305 bytes. 
Apr  5 06:35:27 splunk3 spamd[6683]: spamd: result: Y 100 - AWL,BAYES_20,HTML_30_40,HTML_MESSAGE,MIME_HEADER_CTYPE_ONLY,MIME_HTML_ONLY,NO_REAL_NAME,USER_IN_BLACKLIST scantime=2.1,size=1305,user=spamme,uid=501,required_score=5.0,rhost=localhost.localdomain,raddr=127.0.0.1,rport=47863,mid=<200904051335.n35DZPLI003918@virt2.int.splunk.com>,bayes=0.168687332852643,autolearn=no 
Apr  5 06:35:27 splunk3 sendmail[30796]: n35DZPNE030795: to=<spamme@splunkit.com>, delay=00:00:02, xdelay=00:00:02, mailer=local, pri=31221, dsn=2.0.0, stat=Sent
Apr  5 06:35:27 splunk3 spamd[3033]: prefork: child states: II 
Apr  5 06:35:28 splunk3 sendmail[30804]: n35DZS6E030804: lb1.int.splunk.com [10.2.1.2] did not issue MAIL/EXPN/VRFY/ETRN during connection to MTA
Apr  5 06:35:32 splunk3 imap-login: Login: spamme [::ffff:10.2.1.57]
Apr  5 06:36:28 splunk3 sendmail[31039]: n35DaSKS031039: lb1.int.splunk.com [10.2.1.2] did not issue MAIL/EXPN/VRFY/ETRN during connection to MTA
Apr  5 06:37:28 splunk3 sendmail[31278]: n35DbSw3031278: lb1.int.splunk.com [10.2.1.2] did not issue MAIL/EXPN/VRFY/ETRN during connection to MTA
Apr  5 06:38:28 splunk3 sendmail[31516]: n35DcS6A031516: lb1.int.splunk.com [10.2.1.2] did not issue MAIL/EXPN/VRFY/ETRN during connection to MTA
Apr  5 06:39:28 splunk3 sendmail[31755]: n35DdS5h031755: lb1.int.splunk.com [10.2.1.2] did not issue MAIL/EXPN/VRFY/ETRN during connection to MTA
Apr  5 06:40:08 splunk3 imap-login: Disconnected [::ffff:127.0.0.1]
Apr  5 06:40:26 splunk3 sendmail[32012]: n35DeQJr032012: from=<spammer@spamdomain.com>, size=1029, class=0, nrcpts=1, msgid=<200904051340.n35DePr4004554@virt2.int.splunk.com>, proto=ESMTP, daemon=MTA, relay=[64.127.105.34]
Apr  5 06:40:26 splunk3 spamd[6683]: spamd: connection from localhost.localdomain [127.0.0.1] at port 47918 
Apr  5 06:40:26 splunk3 spamd[6683]: spamd: setuid to spamme succeeded 
Apr  5 06:40:26 splunk3 spamd[6683]: config: failed to parse, now a plugin, skipping: ok_languages all 
Apr  5 06:40:26 splunk3 spamd[6683]: config: SpamAssassin failed to parse line, ".4" is not valid for "required_hits", skipping: required_hits .4 
Apr  5 06:40:26 splunk3 spamd[6683]: spamd: processing message <200904051340.n35DePr4004554@virt2.int.splunk.com> for spamme:501 
Apr  5 06:40:28 splunk3 spamd[6683]: spamd: identified spam (100.6/5.0) for spamme:501 in 2.2 seconds, 1305 bytes. 
Apr  5 06:40:28 splunk3 spamd[6683]: spamd: result: Y 100 - AWL,BAYES_20,HTML_30_40,HTML_MESSAGE,MIME_HEADER_CTYPE_ONLY,MIME_HTML_ONLY,NO_REAL_NAME,USER_IN_BLACKLIST scantime=2.2,size=1305,user=spamme,uid=501,required_score=5.0,rhost=localhost.localdomain,raddr=127.0.0.1,rport=47918,mid=<200904051340.n35DePr4004554@virt2.int.splunk.com>,bayes=0.168687332852643,autolearn=no 
Apr  5 06:40:28 splunk3 sendmail[32013]: n35DeQJr032012: to=<spamme@splunkit.com>, delay=00:00:02, xdelay=00:00:02, mailer=local, pri=31221, dsn=2.0.0, stat=Sent
Apr  5 06:40:28 splunk3 spamd[3033]: prefork: child states: II 
Apr  5 06:40:28 splunk3 sendmail[32018]: n35DeSIC032018: lb1.int.splunk.com [10.2.1.2] did not issue MAIL/EXPN/VRFY/ETRN during connection to MTA
Apr  5 06:40:32 splunk3 imap-login: Login: spamme [::ffff:10.2.1.57]
Apr  5 06:41:28 splunk3 sendmail[32258]: n35DfSa5032258: lb1.int.splunk.com [10.2.1.2] did not issue MAIL/EXPN/VRFY/ETRN during connection to MTA
Apr  5 06:41:31 splunk3 imap-login: Aborted login [::ffff:10.2.1.48]
Apr  5 06:42:28 splunk3 sendmail[32494]: n35DgSGc032494: lb1.int.splunk.com [10.2.1.2] did not issue MAIL/EXPN/VRFY/ETRN during connection to MTA
Apr  5 06:43:28 splunk3 sendmail[32735]: n35DhS89032735: lb1.int.splunk.com [10.2.1.2] did not issue MAIL/EXPN/VRFY/ETRN during connection to MTA
Apr  5 06:44:28 splunk3 sendmail[504]: n35DiSeD000504: lb1.int.splunk.com [10.2.1.2] did not issue MAIL/EXPN/VRFY/ETRN during connection to MTA
Apr  5 06:45:08 splunk3 imap-login: Disconnected [::ffff:127.0.0.1]
Apr  5 06:45:26 splunk3 sendmail[754]: n35DjQBn000754: from=<spammer@spamdomain.com>, size=1029, class=0, nrcpts=1, msgid=<200904051345.n35DjQbV005171@virt2.int.splunk.com>, proto=ESMTP, daemon=MTA, relay=[64.127.105.34]
Apr  5 06:45:26 splunk3 spamd[6683]: spamd: connection from localhost.localdomain [127.0.0.1] at port 47975 
Apr  5 06:45:26 splunk3 spamd[6683]: spamd: setuid to spamme succeeded 
Apr  5 06:45:26 splunk3 spamd[6683]: config: failed to parse, now a plugin, skipping: ok_languages all 
Apr  5 06:45:26 splunk3 spamd[6683]: config: SpamAssassin failed to parse line, ".4" is not valid for "required_hits", skipping: required_hits .4 
Apr  5 06:45:26 splunk3 spamd[6683]: spamd: processing message <200904051345.n35DjQbV005171@virt2.int.splunk.com> for spamme:501 
Apr  5 06:45:28 splunk3 sendmail[761]: n35DjSm0000761: lb1.int.splunk.com [10.2.1.2] did not issue MAIL/EXPN/VRFY/ETRN during connection to MTA
Apr  5 06:45:28 splunk3 spamd[6683]: spamd: identified spam (100.6/5.0) for spamme:501 in 2.1 seconds, 1305 bytes. 
Apr  5 06:45:28 splunk3 spamd[6683]: spamd: result: Y 100 - AWL,BAYES_20,HTML_30_40,HTML_MESSAGE,MIME_HEADER_CTYPE_ONLY,MIME_HTML_ONLY,NO_REAL_NAME,USER_IN_BLACKLIST scantime=2.1,size=1305,user=spamme,uid=501,required_score=5.0,rhost=localhost.localdomain,raddr=127.0.0.1,rport=47975,mid=<200904051345.n35DjQbV005171@virt2.int.splunk.com>,bayes=0.168687332852643,autolearn=no 
Apr  5 06:45:28 splunk3 sendmail[755]: n35DjQBn000754: to=<spamme@splunkit.com>, delay=00:00:02, xdelay=00:00:02, mailer=local, pri=31221, dsn=2.0.0, stat=Sent
Apr  5 06:45:28 splunk3 spamd[3033]: prefork: child states: II 
Apr  5 06:45:32 splunk3 imap-login: Login: spamme [::ffff:10.2.1.57]
Apr  5 06:46:28 splunk3 sendmail[1001]: n35DkSZI001001: lb1.int.splunk.com [10.2.1.2] did not issue MAIL/EXPN/VRFY/ETRN during connection to MTA
Apr  5 06:47:28 splunk3 sendmail[1243]: n35DlSR2001243: lb1.int.splunk.com [10.2.1.2] did not issue MAIL/EXPN/VRFY/ETRN during connection to MTA
Apr  5 06:48:28 splunk3 sendmail[1475]: n35DmSbE001475: lb1.int.splunk.com [10.2.1.2] did not issue MAIL/EXPN/VRFY/ETRN during connection to MTA
Apr  5 06:49:28 splunk3 sendmail[1716]: n35DnSMb001716: lb1.int.splunk.com [10.2.1.2] did not issue MAIL/EXPN/VRFY/ETRN during connection to MTA
Apr  5 06:50:08 splunk3 imap-login: Disconnected [::ffff:127.0.0.1]
Apr  5 06:50:27 splunk3 sendmail[1971]: n35DoR0Z001971: from=<spammer@spamdomain.com>, size=1029, class=0, nrcpts=1, msgid=<200904051350.n35DoQYV005786@virt2.int.splunk.com>, proto=ESMTP, daemon=MTA, relay=[64.127.105.34]
Apr  5 06:50:27 splunk3 spamd[6683]: spamd: connection from localhost.localdomain [127.0.0.1] at port 48030 
Apr  5 06:50:27 splunk3 spamd[6683]: spamd: setuid to spamme succeeded 
Apr  5 06:50:27 splunk3 spamd[6683]: config: failed to parse, now a plugin, skipping: ok_languages all 
Apr  5 06:50:27 splunk3 spamd[6683]: config: SpamAssassin failed to parse line, ".4" is not valid for "required_hits", skipping: required_hits .4 
Apr  5 06:50:27 splunk3 spamd[6683]: spamd: processing message <200904051350.n35DoQYV005786@virt2.int.splunk.com> for spamme:501 
Apr  5 06:50:28 splunk3 sendmail[1977]: n35DoSAD001977: lb1.int.splunk.com [10.2.1.2] did not issue MAIL/EXPN/VRFY/ETRN during connection to MTA
Apr  5 06:50:29 splunk3 spamd[6683]: spamd: identified spam (100.6/5.0) for spamme:501 in 2.1 seconds, 1305 bytes. 
Apr  5 06:50:29 splunk3 spamd[6683]: spamd: result: Y 100 - AWL,BAYES_20,HTML_30_40,HTML_MESSAGE,MIME_HEADER_CTYPE_ONLY,MIME_HTML_ONLY,NO_REAL_NAME,USER_IN_BLACKLIST scantime=2.1,size=1305,user=spamme,uid=501,required_score=5.0,rhost=localhost.localdomain,raddr=127.0.0.1,rport=48030,mid=<200904051350.n35DoQYV005786@virt2.int.splunk.com>,bayes=0.168687332852643,autolearn=no 
Apr  5 06:50:29 splunk3 sendmail[1972]: n35DoR0Z001971: to=<spamme@splunkit.com>, delay=00:00:02, xdelay=00:00:02, mailer=local, pri=31221, dsn=2.0.0, stat=Sent
Apr  5 06:50:29 splunk3 spamd[3033]: prefork: child states: II 
Apr  5 06:50:32 splunk3 imap-login: Login: spamme [::ffff:10.2.1.57]
Apr  5 06:51:28 splunk3 sendmail[2219]: n35DpSVc002219: lb1.int.splunk.com [10.2.1.2] did not issue MAIL/EXPN/VRFY/ETRN during connection to MTA
Apr  5 06:52:28 splunk3 sendmail[2453]: n35DqSVZ002453: lb1.int.splunk.com [10.2.1.2] did not issue MAIL/EXPN/VRFY/ETRN during connection to MTA
Apr  5 06:53:28 splunk3 sendmail[2704]: n35DrStS002704: lb1.int.splunk.com [10.2.1.2] did not issue MAIL/EXPN/VRFY/ETRN during connection to MTA
Apr  5 06:54:28 splunk3 sendmail[2949]: n35DsSRi002949: lb1.int.splunk.com [10.2.1.2] did not issue MAIL/EXPN/VRFY/ETRN during connection to MTA
Apr  5 06:55:08 splunk3 imap-login: Disconnected [::ffff:127.0.0.1]
Apr  5 06:55:27 splunk3 sendmail[3211]: n35DtRKD003211: from=<spammer@spamdomain.com>, size=1029, class=0, nrcpts=1, msgid=<200904051355.n35DtRPo006425@virt2.int.splunk.com>, proto=ESMTP, daemon=MTA, relay=[64.127.105.34]
Apr  5 06:55:27 splunk3 spamd[6683]: spamd: connection from localhost.localdomain [127.0.0.1] at port 48086 
Apr  5 06:55:27 splunk3 spamd[6683]: spamd: setuid to spamme succeeded 
Apr  5 06:55:27 splunk3 spamd[6683]: config: failed to parse, now a plugin, skipping: ok_languages all 
Apr  5 06:55:27 splunk3 spamd[6683]: config: SpamAssassin failed to parse line, ".4" is not valid for "required_hits", skipping: required_hits .4 
Apr  5 06:55:27 splunk3 spamd[6683]: spamd: processing message <200904051355.n35DtRPo006425@virt2.int.splunk.com> for spamme:501 
Apr  5 06:55:28 splunk3 sendmail[3217]: n35DtSDW003217: lb1.int.splunk.com [10.2.1.2] did not issue MAIL/EXPN/VRFY/ETRN during connection to MTA
Apr  5 06:55:29 splunk3 spamd[6683]: spamd: identified spam (100.6/5.0) for spamme:501 in 1.1 seconds, 1305 bytes. 
Apr  5 06:55:29 splunk3 spamd[6683]: spamd: result: Y 100 - AWL,BAYES_20,HTML_30_40,HTML_MESSAGE,MIME_HEADER_CTYPE_ONLY,MIME_HTML_ONLY,NO_REAL_NAME,USER_IN_BLACKLIST scantime=1.1,size=1305,user=spamme,uid=501,required_score=5.0,rhost=localhost.localdomain,raddr=127.0.0.1,rport=48086,mid=<200904051355.n35DtRPo006425@virt2.int.splunk.com>,bayes=0.168687332852643,autolearn=no 
Apr  5 06:55:29 splunk3 sendmail[3212]: n35DtRKD003211: to=<spamme@splunkit.com>, delay=00:00:02, xdelay=00:00:02, mailer=local, pri=31221, dsn=2.0.0, stat=Sent
Apr  5 06:55:29 splunk3 spamd[3033]: prefork: child states: II 
Apr  5 06:55:32 splunk3 imap-login: Login: spamme [::ffff:10.2.1.57]
Apr  5 06:56:28 splunk3 sendmail[3456]: n35DuSnU003456: lb1.int.splunk.com [10.2.1.2] did not issue MAIL/EXPN/VRFY/ETRN during connection to MTA
Apr  5 06:56:31 splunk3 imap-login: Aborted login [::ffff:10.2.1.48]
Apr  5 06:57:28 splunk3 sendmail[3724]: n35DvSVv003724: lb1.int.splunk.com [10.2.1.2] did not issue MAIL/EXPN/VRFY/ETRN during connection to MTA
Apr  5 06:58:28 splunk3 sendmail[3964]: n35DwScD003964: lb1.int.splunk.com [10.2.1.2] did not issue MAIL/EXPN/VRFY/ETRN during connection to MTA
Apr  5 06:59:28 splunk3 sendmail[4218]: n35DxSdM004218: lb1.int.splunk.com [10.2.1.2] did not issue MAIL/EXPN/VRFY/ETRN during connection to MTA
Apr  5 07:00:04 splunk3 sendmail[4454]: n35E04fT004454: from=root, size=291, class=0, nrcpts=1, msgid=<200904051400.n35E04fT004454@splunk3.splunkit.com>, relay=root@localhost
Apr  5 07:00:05 splunk3 sendmail[4458]: n35E048t004458: from=<root@splunk3.splunkit.com>, size=564, class=0, nrcpts=1, msgid=<200904051400.n35E04fT004454@splunk3.splunkit.com>, proto=ESMTP, daemon=MTA, relay=localhost.localdomain [127.0.0.1]
Apr  5 07:00:05 splunk3 sendmail[4454]: n35E04fT004454: to=root, ctladdr=root (0/0), delay=00:00:01, xdelay=00:00:01, mailer=relay, pri=30291, relay=[127.0.0.1] [127.0.0.1], dsn=2.0.0, stat=Sent (n35E048t004458 Message accepted for delivery)
Apr  5 07:00:06 splunk3 sendmail[4479]: n35E061R004479: from=<splunk@localhost>, size=721, class=0, nrcpts=1, msgid=<200904051400.n35E061R004479@splunk3.splunkit.com>, proto=ESMTP, daemon=MTA, relay=localhost.localdomain [127.0.0.1]
Apr  5 07:00:06 splunk3 sendmail[4481]: n35E061R004479: to=<mark@splunk.com>, delay=00:00:00, xdelay=00:00:00, mailer=esmtp, pri=120721, relay=[10.2.1.10] [10.2.1.10], dsn=5.1.1, stat=User unknown
Apr  5 07:00:06 splunk3 sendmail[4481]: n35E061R004479: to=<splunk@localhost>, delay=00:00:00, mailer=local, pri=120721, dsn=5.1.1, stat=User unknown
Apr  5 07:00:06 splunk3 sendmail[4481]: n35E061R004479: n35E061R004481: postmaster notify: User unknown
Apr  5 07:00:06 splunk3 sendmail[4459]: n35E048t004458: to=<root@splunk3.splunkit.com>, ctladdr=<root@splunk3.splunkit.com> (0/0), delay=00:00:02, xdelay=00:00:01, mailer=local, pri=30791, dsn=2.0.0, stat=Sent
Apr  5 07:00:08 splunk3 imap-login: Disconnected [::ffff:127.0.0.1]
Apr  5 07:00:15 splunk3 sendmail[4481]: n35E061R004481: to=root, delay=00:00:09, xdelay=00:00:09, mailer=local, pri=32089, dsn=2.0.0, stat=Sent
Apr  5 07:00:28 splunk3 sendmail[4570]: n35E0SVS004570: from=<spammer@spamdomain.com>, size=1029, class=0, nrcpts=1, msgid=<200904051400.n35E0SL1007046@virt2.int.splunk.com>, proto=ESMTP, daemon=MTA, relay=[64.127.105.34]
Apr  5 07:00:28 splunk3 spamd[6683]: spamd: connection from localhost.localdomain [127.0.0.1] at port 48150 
Apr  5 07:00:28 splunk3 spamd[6683]: spamd: setuid to spamme succeeded 
Apr  5 07:00:28 splunk3 spamd[6683]: config: failed to load user (spamme) scores from SQL database: config: SQL error: Can't connect to local MySQL server through socket '/var/lib/mysql/mysql.sock' (2) 
Apr  5 07:00:28 splunk3 spamd[6683]: spamd: service unavailable: Error fetching user preferences via SQL at /usr/bin/spamd line 1679. 
Apr  5 07:00:28 splunk3 sendmail[4571]: n35E0SVS004570: to=<spamme@splunkit.com>, delay=00:00:00, xdelay=00:00:00, mailer=local, pri=31221, dsn=2.0.0, stat=Sent
Apr  5 07:00:28 splunk3 spamd[3033]: prefork: child states: II 
Apr  5 07:00:28 splunk3 sendmail[4575]: n35E0SFF004575: lb1.int.splunk.com [10.2.1.2] did not issue MAIL/EXPN/VRFY/ETRN during connection to MTA
Apr  5 07:00:32 splunk3 imap-login: Login: spamme [::ffff:10.2.1.57]
Apr  5 07:01:04 splunk3 sendmail[4725]: n35E113p004725: from=root, size=443, class=0, nrcpts=1, msgid=<200904051401.n35E113p004725@splunk3.splunkit.com>, relay=root@localhost
Apr  5 07:01:04 splunk3 sendmail[4730]: n35E14xU004730: from=<root@splunk3.splunkit.com>, size=716, class=0, nrcpts=1, msgid=<200904051401.n35E113p004725@splunk3.splunkit.com>, proto=ESMTP, daemon=MTA, relay=localhost.localdomain [127.0.0.1]
Apr  5 07:01:04 splunk3 sendmail[4725]: n35E113p004725: to=root, ctladdr=root (0/0), delay=00:00:03, xdelay=00:00:00, mailer=relay, pri=30443, relay=[127.0.0.1] [127.0.0.1], dsn=2.0.0, stat=Sent (n35E14xU004730 Message accepted for delivery)
Apr  5 07:01:05 splunk3 sendmail[4731]: n35E14xU004730: to=<root@splunk3.splunkit.com>, ctladdr=<root@splunk3.splunkit.com> (0/0), delay=00:00:01, xdelay=00:00:01, mailer=local, pri=30943, dsn=2.0.0, stat=Sent
Apr  5 07:01:28 splunk3 sendmail[4834]: n35E1Sbc004834: lb1.int.splunk.com [10.2.1.2] did not issue MAIL/EXPN/VRFY/ETRN during connection to MTA
Apr  5 07:02:28 splunk3 sendmail[5078]: n35E2S6p005078: lb1.int.splunk.com [10.2.1.2] did not issue MAIL/EXPN/VRFY/ETRN during connection to MTA
Apr  5 07:03:28 splunk3 sendmail[5354]: n35E3S5F005354: lb1.int.splunk.com [10.2.1.2] did not issue MAIL/EXPN/VRFY/ETRN during connection to MTA
Apr  5 07:04:28 splunk3 sendmail[5592]: n35E4Sfh005592: lb1.int.splunk.com [10.2.1.2] did not issue MAIL/EXPN/VRFY/ETRN during connection to MTA
Apr  5 07:05:08 splunk3 imap-login: Disconnected [::ffff:127.0.0.1]
Apr  5 07:05:28 splunk3 sendmail[5846]: n35E5Sgu005846: from=<spammer@spamdomain.com>, size=1029, class=0, nrcpts=1, msgid=<200904051405.n35E5SgB007754@virt2.int.splunk.com>, proto=ESMTP, daemon=MTA, relay=[64.127.105.34]
Apr  5 07:05:28 splunk3 spamd[6683]: spamd: connection from localhost.localdomain [127.0.0.1] at port 48207 
Apr  5 07:05:28 splunk3 spamd[6683]: spamd: setuid to spamme succeeded 
Apr  5 07:05:28 splunk3 spamd[6683]: config: failed to load user (spamme) scores from SQL database: config: SQL error: Can't connect to local MySQL server through socket '/var/lib/mysql/mysql.sock' (2) 
Apr  5 07:05:28 splunk3 spamd[6683]: spamd: service unavailable: Error fetching user preferences via SQL at /usr/bin/spamd line 1679. 
Apr  5 07:05:28 splunk3 sendmail[5847]: n35E5Sgu005846: to=<spamme@splunkit.com>, delay=00:00:00, xdelay=00:00:00, mailer=local, pri=31221, dsn=2.0.0, stat=Sent
Apr  5 07:05:28 splunk3 spamd[3033]: prefork: child states: II 
Apr  5 07:05:28 splunk3 sendmail[5851]: n35E5SLs005851: lb1.int.splunk.com [10.2.1.2] did not issue MAIL/EXPN/VRFY/ETRN during connection to MTA
Apr  5 07:05:32 splunk3 imap-login: Login: spamme [::ffff:10.2.1.57]
Apr  5 07:06:28 splunk3 sendmail[6087]: n35E6SZi006087: lb1.int.splunk.com [10.2.1.2] did not issue MAIL/EXPN/VRFY/ETRN during connection to MTA
Apr  5 07:07:28 splunk3 sendmail[6326]: n35E7S92006326: lb1.int.splunk.com [10.2.1.2] did not issue MAIL/EXPN/VRFY/ETRN during connection to MTA
